// Jest Snapshot v1, https://goo.gl/fbAQLP

exports[`Result Test Result Component should render correctly 1`] = `
<div>
  <div
    class="flex flex-col my-2 text-3xl font-light text-right text-gray-300"
  >
    <span>
      3.800,00 ğŸ‡¨ğŸ‡´
    </span>
    <span>
      4,50 ğŸ‡»ğŸ‡ª
    </span>
  </div>
</div>
`;

exports[`Result Test Result Component unexpected currency 1`] = `
<div>
  <div
    class="flex flex-col my-2 text-3xl font-light text-right text-gray-300"
  >
    <span>
      3.800,00 ğŸ‡¨ğŸ‡´
    </span>
    <span>
      4,50 ğŸ‡»ğŸ‡ª
    </span>
  </div>
</div>
`;

exports[`Result Test Result Component with currency COP 1`] = `
<div>
  <div
    class="flex flex-col my-2 text-3xl font-light text-right text-gray-300"
  >
    <span>
      0,00 ğŸ‡ºğŸ‡¸
    </span>
    <span>
      0,00 ğŸ‡»ğŸ‡ª
    </span>
  </div>
</div>
`;

exports[`Result Test Result Component with currency VES 1`] = `
<div>
  <div
    class="flex flex-col my-2 text-3xl font-light text-right text-gray-300"
  >
    <span>
      844,44 ğŸ‡¨ğŸ‡´
    </span>
    <span>
      0,22 ğŸ‡ºğŸ‡¸
    </span>
  </div>
</div>
`;
