// Jest Snapshot v1, https://goo.gl/fbAQLP

exports[`Input Test Input Component should render correctly 1`] = `
<div>
  <div
    class="relative py-4"
  >
    <label
      class="text-sm font-semibold text-gray-200"
      for="email"
    >
      test
    </label>
    <input
      class="p-4 w-full h-10 placeholder-transparent text-gray-900 bg-gray-100 rounded-xl border border-gray-300 focus:border-cyan-600 focus:outline-none"
    />
  </div>
</div>
`;
